// Jest Snapshot v1, https://goo.gl/fbAQLP

exports[`Snapshot 1`] = `
Object {
  "Outputs": Object {
    "ApiURL": Object {
      "Value": Object {
        "Fn::Join": Array [
          "",
          Array [
            "https://",
            Object {
              "Ref": "ApiF70053CD",
            },
            ".execute-api.",
            Object {
              "Ref": "AWS::Region",
            },
            ".",
            Object {
              "Ref": "AWS::URLSuffix",
            },
            "/",
          ],
        ],
      },
    },
  },
  "Resources": Object {
    "ApiDefaultRoute1D83B0D8": Object {
      "Properties": Object {
        "ApiId": Object {
          "Ref": "ApiF70053CD",
        },
        "AuthorizationScopes": Array [],
        "RouteKey": "$default",
        "Target": Object {
          "Fn::Join": Array [
            "",
            Array [
              "integrations/",
              Object {
                "Ref": "ApiDefaultRouteHttpIntegration8a27fc982f7fb8564a05b641e1f71738D5A24AF2",
              },
            ],
          ],
        },
      },
      "Type": "AWS::ApiGatewayV2::Route",
    },
    "ApiDefaultRouteHttpIntegration8a27fc982f7fb8564a05b641e1f71738D5A24AF2": Object {
      "Properties": Object {
        "ApiId": Object {
          "Ref": "ApiF70053CD",
        },
        "IntegrationType": "AWS_PROXY",
        "IntegrationUri": Object {
          "Fn::GetAtt": Array [
            "MyFunc8A243A2C",
            "Arn",
          ],
        },
        "PayloadFormatVersion": "2.0",
      },
      "Type": "AWS::ApiGatewayV2::Integration",
    },
    "ApiDefaultRoutetestApiDefaultRouteEA9ADC36Permission4971991E": Object {
      "Properties": Object {
        "Action": "lambda:InvokeFunction",
        "FunctionName": Object {
          "Fn::GetAtt": Array [
            "MyFunc8A243A2C",
            "Arn",
          ],
        },
        "Principal": "apigateway.amazonaws.com",
        "SourceArn": Object {
          "Fn::Join": Array [
            "",
            Array [
              "arn:",
              Object {
                "Ref": "AWS::Partition",
              },
              ":execute-api:",
              Object {
                "Ref": "AWS::Region",
              },
              ":",
              Object {
                "Ref": "AWS::AccountId",
              },
              ":",
              Object {
                "Ref": "ApiF70053CD",
              },
              "/*/*",
            ],
          ],
        },
      },
      "Type": "AWS::Lambda::Permission",
    },
    "ApiDefaultStage189A7074": Object {
      "Properties": Object {
        "ApiId": Object {
          "Ref": "ApiF70053CD",
        },
        "AutoDeploy": true,
        "StageName": "$default",
      },
      "Type": "AWS::ApiGatewayV2::Stage",
    },
    "ApiF70053CD": Object {
      "Properties": Object {
        "Name": "Api",
        "ProtocolType": "HTTP",
      },
      "Type": "AWS::ApiGatewayV2::Api",
    },
    "MyFunc8A243A2C": Object {
      "DependsOn": Array [
        "MyFuncServiceRole54065130",
      ],
      "Properties": Object {
        "Code": Object {
          "ZipFile": "
import json
def handler(event, context):
      return {
        'statusCode': 200,
        'body': json.dumps('Hello CDK from Lambda!')
      }",
        },
        "Handler": "index.handler",
        "Role": Object {
          "Fn::GetAtt": Array [
            "MyFuncServiceRole54065130",
            "Arn",
          ],
        },
        "Runtime": "python3.7",
      },
      "Type": "AWS::Lambda::Function",
    },
    "MyFuncServiceRole54065130": Object {
      "Properties": Object {
        "AssumeRolePolicyDocument": Object {
          "Statement": Array [
            Object {
              "Action": "sts:AssumeRole",
              "Effect": "Allow",
              "Principal": Object {
                "Service": "lambda.amazonaws.com",
              },
            },
          ],
          "Version": "2012-10-17",
        },
        "ManagedPolicyArns": Array [
          Object {
            "Fn::Join": Array [
              "",
              Array [
                "arn:",
                Object {
                  "Ref": "AWS::Partition",
                },
                ":iam::aws:policy/service-role/AWSLambdaBasicExecutionRole",
              ],
            ],
          },
        ],
      },
      "Type": "AWS::IAM::Role",
    },
  },
}
`;
